/data/ch4/sqd/optimization.py:2: DeprecationWarning: Using Qiskit with Python 3.9 is deprecated as of the 2.1.0 release. Support for running Qiskit with Python 3.9 will be removed in the 2.3.0 release, which coincides with when Python 3.9 goes end of life.
  from qiskit import qpy
OpenBLAS WARNING - could not determine the L2 cache size on this system, assuming 256k
OpenBLAS WARNING - could not determine the L2 cache size on this system, assuming 256k
global phase: π/4
              ┌────────┐   ┌────┐┌─────────┐                                  »
  q_2 -> 0 ───┤ Rz(-π) ├───┤ √X ├┤ Rz(π/2) ├──────────────────────────────────»
           ┌──┴────────┴─┐ ├────┤└─────────┘┌───┐┌─────────┐                  »
  q_3 -> 1 ┤ Rz(-3.1012) ├─┤ √X ├───────────┤ X ├┤ Rz(π/4) ├──────────────────»
           └──┬────────┬─┘ ├────┤┌─────────┐└─┬─┘└─────────┘                  »
  q_1 -> 2 ───┤ Rz(-π) ├───┤ √X ├┤ Rz(π/2) ├──┼───────────────────────────────»
            ┌─┴────────┴─┐ ├────┤├─────────┤  │     ┌────┐  ┌──────────┐┌────┐»
  q_4 -> 3 ─┤ Rz(1.5304) ├─┤ √X ├┤ Rz(π/2) ├──■─────┤ √X ├──┤ Rz(-π/4) ├┤ √X ├»
           ┌┴────────────┤ ├────┤├─────────┤        └────┘  └──────────┘└────┘»
  q_5 -> 4 ┤ Rz(-1.8264) ├─┤ √X ├┤ Rz(π/2) ├──────────────────────────────────»
           ├─────────────┤ ├────┤├─────────┤                                  »
  q_6 -> 5 ┤ Rz(-1.8592) ├─┤ √X ├┤ Rz(π/2) ├──────────────────────────────────»
           ├─────────────┤ ├────┤└─────────┘                                  »
  q_7 -> 6 ┤ Rz(0.22481) ├─┤ √X ├─────────────────────────────────────────────»
           └┬────────────┤ ├────┤                                             »
 q_10 -> 7 ─┤ Rz(2.9729) ├─┤ √X ├─────────────────────────────────────────────»
            └───┬───┬────┘ └────┘                                             »
  q_0 -> 8 ─────┤ X ├─────────────────────────────────────────────────────────»
            ┌───┴───┴────┐ ┌────┐                                             »
  q_9 -> 9 ─┤ Rz(2.9442) ├─┤ √X ├─────────────────────────────────────────────»
            └───┬───┬────┘ └────┘                                             »
 q_8 -> 10 ─────┤ X ├─────────────────────────────────────────────────────────»
           ┌────┴───┴────┐ ┌────┐           ┌───┐┌─────────┐                  »
q_11 -> 12 ┤ Rz(-3.1012) ├─┤ √X ├───────────┤ X ├┤ Rz(π/4) ├──────────────────»
           ├─────────────┤ ├────┤┌─────────┐└─┬─┘└─────────┘                  »
q_14 -> 13 ┤ Rz(-1.8427) ├─┤ √X ├┤ Rz(π/2) ├──┼───────────────────────────────»
           ├─────────────┴┐├────┤├─────────┤  │                               »
q_13 -> 14 ┤ Rz(-0.90627) ├┤ √X ├┤ Rz(π/2) ├──┼───────────────────────────────»
           ├─────────────┬┘├────┤├─────────┤  │                               »
q_15 -> 18 ┤ Rz(-1.8592) ├─┤ √X ├┤ Rz(π/2) ├──┼───────────────────────────────»
           └┬────────────┤ ├────┤├─────────┤  │     ┌────┐  ┌──────────┐┌────┐»
q_12 -> 19 ─┤ Rz(1.5304) ├─┤ √X ├┤ Rz(π/2) ├──■─────┤ √X ├──┤ Rz(-π/4) ├┤ √X ├»
            └────────────┘ └────┘└─────────┘        └────┘  └──────────┘└────┘»
  meas: 16/═══════════════════════════════════════════════════════════════════»
                                                                              »
«                                                                           »
«  q_2 -> 0 ─────────────────────────────────────────────────────────────■──»
«           ┌───┐ ┌────────┐      ┌────┐     ┌────────────┐   ┌────┐   ┌─┴─┐»
«  q_3 -> 1 ┤ X ├─┤ Rz(-π) ├──────┤ √X ├─────┤ Rz(1.6112) ├───┤ √X ├───┤ X ├»
«           └─┬─┘ └────────┘      └────┘     └────────────┘   └────┘   └───┘»
«  q_1 -> 2 ──┼─────────────────────────────────────────────────────────────»
«             │  ┌──────────┐     ┌────┐    ┌─────────────┐   ┌────┐   ┌───┐»
«  q_4 -> 3 ──■──┤ Rz(-π/2) ├─────┤ √X ├────┤ Rz(-1.3555) ├───┤ √X ├───┤ X ├»
«                └──────────┘     └────┘    └─────────────┘   └────┘   └─┬─┘»
«  q_5 -> 4 ─────────────────────────────────────────────────────────────■──»
«                                                                           »
«  q_6 -> 5 ────────────────────────────────────────────────────────────────»
«                                                                           »
«  q_7 -> 6 ────────────────────────────────────────────────────────────────»
«                                                                      ┌───┐»
« q_10 -> 7 ───────────────────────────────────────────────────────────┤ X ├»
«                                                                      └─┬─┘»
«  q_0 -> 8 ─────────────────────────────────────────────────────────────┼──»
«                                                                        │  »
«  q_9 -> 9 ─────────────────────────────────────────────────────────────┼──»
«                                                                        │  »
« q_8 -> 10 ─────────────────────────────────────────────────────────────┼──»
«           ┌───┐   ┌────┐   ┌─────────────┐     ┌────┐    ┌──────────┐  │  »
«q_11 -> 12 ┤ X ├───┤ √X ├───┤ Rz(-1.7798) ├─────┤ √X ├────┤ Rz(-π/2) ├──■──»
«           └─┬─┘   └────┘   └─────────────┘     └────┘    └──────────┘     »
«q_14 -> 13 ──┼─────────────────────────────────────────────────────────────»
«             │                                                             »
«q_13 -> 14 ──┼──────────────────────────────────────────────────────────■──»
«             │                                                          │  »
«q_15 -> 18 ──┼──────────────────────────────────────────────────────────┼──»
«             │  ┌──────────┐     ┌────┐    ┌─────────────┐   ┌────┐   ┌─┴─┐»
«q_12 -> 19 ──■──┤ Rz(-π/2) ├─────┤ √X ├────┤ Rz(-2.2757) ├───┤ √X ├───┤ X ├»
«                └──────────┘     └────┘    └─────────────┘   └────┘   └───┘»
«  meas: 16/════════════════════════════════════════════════════════════════»
«                                                                           »
«              ┌────┐  ┌──────────┐┌────┐        ┌────┐     ┌─────────┐   »
«  q_2 -> 0 ───┤ √X ├──┤ Rz(-π/4) ├┤ √X ├──■─────┤ √X ├─────┤ Rz(π/2) ├───»
«           ┌──┴────┴─┐└──────────┘└────┘┌─┴─┐   ├────┤    ┌┴─────────┴─┐ »
«  q_3 -> 1 ┤ Rz(π/4) ├──────────────────┤ X ├───┤ √X ├────┤ Rz(1.4985) ├─»
«           └─────────┘                  └───┘   └────┘    └────────────┘ »
«  q_1 -> 2 ──────────────────────────────────────────────────────────────»
«           ┌─────────┐                  ┌───┐   ┌────┐   ┌─────────────┐ »
«  q_4 -> 3 ┤ Rz(π/4) ├──────────────────┤ X ├───┤ √X ├───┤ Rz(-1.7541) ├─»
«           └──┬────┬─┘┌──────────┐┌────┐└─┬─┘┌──┴────┴──┐└────┬────┬───┘ »
«  q_5 -> 4 ───┤ √X ├──┤ Rz(-π/4) ├┤ √X ├──■──┤ Rz(-π/2) ├─────┤ √X ├─────»
«              └────┘  └──────────┘└────┘     └──────────┘     └────┘     »
«  q_6 -> 5 ──────────────────────────────────────────────────────────────»
«                                                                         »
«  q_7 -> 6 ──────────────────────────────────────────────────────────────»
«           ┌─────────┐                  ┌───┐   ┌────┐   ┌─────────────┐ »
« q_10 -> 7 ┤ Rz(π/4) ├──────────────────┤ X ├───┤ √X ├───┤ Rz(-1.5995) ├─»
«           └─────────┘                  └─┬─┘   └────┘   └─────────────┘ »
«  q_0 -> 8 ───────────────────────────────┼──────────────────────────────»
«                                          │                              »
«  q_9 -> 9 ───────────────────────────────┼──────────────────────────────»
«                                          │                              »
« q_8 -> 10 ───────────────────────────────┼──────────────────────────────»
«              ┌────┐  ┌──────────┐┌────┐  │  ┌─────────┐      ┌────┐     »
«q_11 -> 12 ───┤ √X ├──┤ Rz(-π/4) ├┤ √X ├──■──┤ Rz(π/2) ├──────┤ √X ├─────»
«              └────┘  └──────────┘└────┘     └─────────┘      └────┘     »
«q_14 -> 13 ──────────────────────────────────────────────────────────────»
«              ┌────┐  ┌──────────┐┌────┐     ┌──────────┐     ┌────┐     »
«q_13 -> 14 ───┤ √X ├──┤ Rz(-π/4) ├┤ √X ├──■──┤ Rz(-π/2) ├─────┤ √X ├─────»
«              └────┘  └──────────┘└────┘  │  └──────────┘     └────┘     »
«q_15 -> 18 ───────────────────────────────┼──────────────────────────────»
«           ┌─────────┐                  ┌─┴─┐   ┌────┐   ┌──────────────┐»
«q_12 -> 19 ┤ Rz(π/4) ├──────────────────┤ X ├───┤ √X ├───┤ Rz(-0.83397) ├»
«           └─────────┘                  └───┘   └────┘   └──────────────┘»
«  meas: 16/══════════════════════════════════════════════════════════════»
«                                                                         »
«                            ┌───┐    ┌─────────┐                        »
«  q_2 -> 0 ─────────────────┤ X ├────┤ Rz(π/4) ├────────────────────────»
«               ┌────┐       └─┬─┘    └─────────┘               ┌───┐    »
«  q_3 -> 1 ────┤ √X ├─────────┼────────────────────────────────┤ X ├────»
«               └────┘         │         ┌────┐  ┌──────────┐   └─┬─┘    »
«  q_1 -> 2 ───────────────────■─────────┤ √X ├──┤ Rz(-π/4) ├─────┼──────»
«               ┌────┐    ┌─────────┐    └────┘  └──────────┘     │      »
«  q_4 -> 3 ────┤ √X ├────┤ Rz(π/2) ├─────────────────────────────■──────»
«           ┌───┴────┴───┐└──┬────┬─┘    ┌───┐   ┌─────────┐             »
«  q_5 -> 4 ┤ Rz(1.6036) ├───┤ √X ├──────┤ X ├───┤ Rz(π/4) ├─────────────»
«           └────────────┘   └────┘      └─┬─┘   └──┬────┬─┘ ┌──────────┐»
«  q_6 -> 5 ───────────────────────────────■────────┤ √X ├───┤ Rz(-π/4) ├»
«                                                   └────┘   └──────────┘»
«  q_7 -> 6 ─────────────────────────────────────────────────────────────»
«               ┌────┐    ┌──────────┐              ┌────┐   ┌──────────┐»
« q_10 -> 7 ────┤ √X ├────┤ Rz(-π/2) ├─────■────────┤ √X ├───┤ Rz(-π/4) ├»
«               └────┘    └──────────┘     │        └────┘   └──────────┘»
«  q_0 -> 8 ───────────────────────────────┼─────────────────────────────»
«                                        ┌─┴─┐   ┌─────────┐             »
«  q_9 -> 9 ─────────────────────────────┤ X ├───┤ Rz(π/4) ├─────────────»
«                                        └───┘   └─────────┘             »
« q_8 -> 10 ─────────────────────────────────────────────────────────────»
«           ┌────────────┐   ┌────┐                 ┌───┐    ┌─────────┐ »
«q_11 -> 12 ┤ Rz(1.3298) ├───┤ √X ├─────────────────┤ X ├────┤ Rz(π/4) ├─»
«           └────────────┘   └────┘                 └─┬─┘    └──┬────┬─┘ »
«q_14 -> 13 ───────────────────────────────■──────────┼─────────┤ √X ├───»
«           ┌────────────┐   ┌────┐      ┌─┴─┐        │      ┌──┴────┴─┐ »
«q_13 -> 14 ┤ Rz(2.5072) ├───┤ √X ├──────┤ X ├────────┼──────┤ Rz(π/4) ├─»
«           └────────────┘   └────┘      └───┘        │      └─────────┘ »
«q_15 -> 18 ──────────────────────────────────────────┼──────────────────»
«               ┌────┐    ┌─────────┐                 │         ┌────┐   »
«q_12 -> 19 ────┤ √X ├────┤ Rz(π/2) ├─────────────────■─────────┤ √X ├───»
«               └────┘    └─────────┘                           └────┘   »
«  meas: 16/═════════════════════════════════════════════════════════════»
«                                                                        »
«                          ┌───┐       ┌────┐   ┌──────────┐                »
«  q_2 -> 0 ───────────────┤ X ├───────┤ √X ├───┤ Rz(-π/2) ├────────────────»
«           ┌─────────┐    └─┬─┘       └────┘   └──────────┘     ┌───┐      »
«  q_3 -> 1 ┤ Rz(π/4) ├──────┼───────────────────────────────────┤ X ├──────»
«           └──┬────┬─┘      │      ┌──────────┐   ┌────┐        └─┬─┘      »
«  q_1 -> 2 ───┤ √X ├────────■──────┤ Rz(-π/2) ├───┤ √X ├──────────┼────────»
«              ├────┤   ┌──────────┐└──┬────┬──┘   └────┘          │        »
«  q_4 -> 3 ───┤ √X ├───┤ Rz(-π/4) ├───┤ √X ├──────────────────────■────────»
«              └────┘   └──┬───┬───┘ ┌─┴────┴─┐    ┌────┐   ┌─────────────┐ »
«  q_5 -> 4 ───────────────┤ X ├─────┤ Rz(-π) ├────┤ √X ├───┤ Rz(-2.8531) ├─»
«              ┌────┐      └─┬─┘    ┌┴────────┴┐   ├────┤   ├─────────────┴┐»
«  q_6 -> 5 ───┤ √X ├────────■──────┤ Rz(-π/2) ├───┤ √X ├───┤ Rz(-0.51325) ├»
«              └────┘               └──────────┘   └────┘   └──────────────┘»
«  q_7 -> 6 ────────────────────────────────────────────────────────────────»
«              ┌────┐               ┌─────────┐    ┌────┐   ┌─────────────┐ »
« q_10 -> 7 ───┤ √X ├────────■──────┤ Rz(π/2) ├────┤ √X ├───┤ Rz(-1.7682) ├─»
«              └────┘        │      └─────────┘    └────┘   └─────────────┘ »
«  q_0 -> 8 ─────────────────┼──────────────────────────────────────────────»
«                          ┌─┴─┐     ┌────────┐    ┌────┐   ┌─────────────┐ »
«  q_9 -> 9 ───────────────┤ X ├─────┤ Rz(-π) ├────┤ √X ├───┤ Rz(-0.1974) ├─»
«                          └───┘     └────────┘    └────┘   └─────────────┘ »
« q_8 -> 10 ────────────────────────────────────────────────────────────────»
«                                                  ┌───┐         ┌────┐     »
«q_11 -> 12 ───────────────────────────────────────┤ X ├─────────┤ √X ├─────»
«           ┌──────────┐   ┌────┐                  └─┬─┘      ┌──┴────┴──┐  »
«q_14 -> 13 ┤ Rz(-π/4) ├───┤ √X ├────────■───────────┼────────┤ Rz(-π/2) ├──»
«           └──────────┘   └────┘      ┌─┴─┐         │        └┬────────┬┘  »
«q_13 -> 14 ───────────────────────────┤ X ├─────────┼─────────┤ Rz(-π) ├───»
«                                      └───┘         │         └────────┘   »
«q_15 -> 18 ─────────────────────────────────────────┼──────────────────────»
«           ┌──────────┐   ┌────┐                    │        ┌──────────┐  »
«q_12 -> 19 ┤ Rz(-π/4) ├───┤ √X ├────────────────────■────────┤ Rz(-π/2) ├──»
«           └──────────┘   └────┘                             └──────────┘  »
«  meas: 16/════════════════════════════════════════════════════════════════»
«                                                                           »
«                                                                              »
«  q_2 -> 0 ───────────────────────────────────────────────────────────────────»
«                ┌────┐    ┌─────────────┐                                     »
«  q_3 -> 1 ─────┤ √X ├────┤ Rz(-3.0693) ├─────────────────────────────────────»
«                └────┘    └─────────────┘                                     »
«  q_1 -> 2 ───────────────────────────────────────────────────────────────────»
«             ┌──────────┐      ┌────┐    ┌────────────┐                       »
«  q_4 -> 3 ──┤ Rz(-π/2) ├──────┤ √X ├────┤ Rz(1.6431) ├───────────────────────»
«             └──────────┘      └────┘    └────────────┘                       »
«  q_5 -> 4 ───────────────────────────────────────────────────────────────────»
«                ┌────┐      ┌─────────┐                   ┌────┐  ┌──────────┐»
«  q_6 -> 5 ─────┤ √X ├──────┤ Rz(π/2) ├────────■──────────┤ √X ├──┤ Rz(-π/4) ├»
«                └────┘      └─────────┘      ┌─┴─┐     ┌──┴────┴─┐└──────────┘»
«  q_7 -> 6 ──────────────────────────────────┤ X ├─────┤ Rz(π/4) ├────────────»
«                                             └───┘     └─────────┘            »
« q_10 -> 7 ───────────────────────────────────────────────────────────────────»
«                                                                              »
«  q_0 -> 8 ───────────────────────────────────────────────────────────────────»
«                                                                              »
«  q_9 -> 9 ───────────────────────────────────────────────────────────────────»
«                                                                              »
« q_8 -> 10 ───────────────────────────────────────────────────────────────────»
«           ┌─────────────┐                                                    »
«q_11 -> 12 ┤ Rz(-3.0693) ├────────────────────────────────────────────────────»
«           └────┬────┬───┘ ┌────────────┐    ┌────┐       ┌───┐   ┌─────────┐ »
«q_14 -> 13 ─────┤ √X ├─────┤ Rz(1.5873) ├────┤ √X ├───────┤ X ├───┤ Rz(π/4) ├─»
«                ├────┤    ┌┴────────────┤    └────┘       └─┬─┘   └─────────┘ »
«q_13 -> 14 ─────┤ √X ├────┤ Rz(-2.8697) ├───────────────────┼─────────────────»
«                └────┘    └─────────────┘                   │        ┌────┐   »
«q_15 -> 18 ─────────────────────────────────────────────────■────────┤ √X ├───»
«                ┌────┐     ┌────────────┐                            └────┘   »
«q_12 -> 19 ─────┤ √X ├─────┤ Rz(1.6431) ├─────────────────────────────────────»
«                └────┘     └────────────┘                                     »
«  meas: 16/═══════════════════════════════════════════════════════════════════»
«                                                                              »
«                                                                      »
«  q_2 -> 0 ───────────────────────────────────────────────────────────»
«                                                                      »
«  q_3 -> 1 ───────────────────────────────────────────────────────────»
«                                                                      »
«  q_1 -> 2 ───────────────────────────────────────────────────────────»
«                                                                      »
«  q_4 -> 3 ───────────────────────────────────────────────────────────»
«                                                                      »
«  q_5 -> 4 ───────────────────────────────────────────────────────────»
«              ┌────┐         ┌──────────┐     ┌────┐     ┌───────────┐»
«  q_6 -> 5 ───┤ √X ├─────■───┤ Rz(-π/2) ├─────┤ √X ├─────┤ Rz(1.346) ├»
«              └────┘   ┌─┴─┐ └──┬────┬──┘┌────┴────┴────┐└───────────┘»
«  q_7 -> 6 ────────────┤ X ├────┤ √X ├───┤ Rz(-0.22481) ├─────────────»
«                       └───┘    └────┘   └──────────────┘             »
« q_10 -> 7 ───────────────────────────────────────────────────────────»
«                                                                      »
«  q_0 -> 8 ───────────────────────────────────────────────────────────»
«                                                                      »
«  q_9 -> 9 ───────────────────────────────────────────────────────────»
«                                                                      »
« q_8 -> 10 ───────────────────────────────────────────────────────────»
«                                                                      »
«q_11 -> 12 ───────────────────────────────────────────────────────────»
«                                ┌───┐       ┌────────┐       ┌────┐   »
«q_14 -> 13 ─────────────────────┤ X ├───────┤ Rz(-π) ├───────┤ √X ├───»
«                                └─┬─┘       └────────┘       └────┘   »
«q_13 -> 14 ───────────────────────┼───────────────────────────────────»
«           ┌──────────┐┌────┐     │        ┌─────────┐       ┌────┐   »
«q_15 -> 18 ┤ Rz(-π/4) ├┤ √X ├─────■────────┤ Rz(π/2) ├───────┤ √X ├───»
«           └──────────┘└────┘              └─────────┘       └────┘   »
«q_12 -> 19 ───────────────────────────────────────────────────────────»
«                                                                      »
«  meas: 16/═══════════════════════════════════════════════════════════»
«                                                                      »
«                           ░       ┌─┐                                       
«  q_2 -> 0 ────────────────░───────┤M├───────────────────────────────────────
«                           ░       └╥┘┌─┐                                    
«  q_3 -> 1 ────────────────░────────╫─┤M├────────────────────────────────────
«                           ░    ┌─┐ ║ └╥┘                                    
«  q_1 -> 2 ────────────────░────┤M├─╫──╫─────────────────────────────────────
«                           ░    └╥┘ ║  ║ ┌─┐                                 
«  q_4 -> 3 ────────────────░─────╫──╫──╫─┤M├─────────────────────────────────
«                           ░     ║  ║  ║ └╥┘┌─┐                              
«  q_5 -> 4 ────────────────░─────╫──╫──╫──╫─┤M├──────────────────────────────
«                           ░     ║  ║  ║  ║ └╥┘┌─┐                           
«  q_6 -> 5 ────────────────░─────╫──╫──╫──╫──╫─┤M├───────────────────────────
«                           ░     ║  ║  ║  ║  ║ └╥┘┌─┐                        
«  q_7 -> 6 ────────────────░─────╫──╫──╫──╫──╫──╫─┤M├────────────────────────
«                           ░     ║  ║  ║  ║  ║  ║ └╥┘      ┌─┐               
« q_10 -> 7 ────────────────░─────╫──╫──╫──╫──╫──╫──╫───────┤M├───────────────
«                           ░ ┌─┐ ║  ║  ║  ║  ║  ║  ║       └╥┘               
«  q_0 -> 8 ────────────────░─┤M├─╫──╫──╫──╫──╫──╫──╫────────╫────────────────
«                           ░ └╥┘ ║  ║  ║  ║  ║  ║  ║    ┌─┐ ║                
«  q_9 -> 9 ────────────────░──╫──╫──╫──╫──╫──╫──╫──╫────┤M├─╫────────────────
«                           ░  ║  ║  ║  ║  ║  ║  ║  ║ ┌─┐└╥┘ ║                
« q_8 -> 10 ────────────────░──╫──╫──╫──╫──╫──╫──╫──╫─┤M├─╫──╫────────────────
«                           ░  ║  ║  ║  ║  ║  ║  ║  ║ └╥┘ ║  ║ ┌─┐            
«q_11 -> 12 ────────────────░──╫──╫──╫──╫──╫──╫──╫──╫──╫──╫──╫─┤M├────────────
«           ┌─────────────┐ ░  ║  ║  ║  ║  ║  ║  ║  ║  ║  ║  ║ └╥┘      ┌─┐   
«q_14 -> 13 ┤ Rz(-2.8531) ├─░──╫──╫──╫──╫──╫──╫──╫──╫──╫──╫──╫──╫───────┤M├───
«           └─────────────┘ ░  ║  ║  ║  ║  ║  ║  ║  ║  ║  ║  ║  ║    ┌─┐└╥┘   
«q_13 -> 14 ────────────────░──╫──╫──╫──╫──╫──╫──╫──╫──╫──╫──╫──╫────┤M├─╫────
«            ┌────────────┐ ░  ║  ║  ║  ║  ║  ║  ║  ║  ║  ║  ║  ║    └╥┘ ║ ┌─┐
«q_15 -> 18 ─┤ Rz(1.8592) ├─░──╫──╫──╫──╫──╫──╫──╫──╫──╫──╫──╫──╫─────╫──╫─┤M├
«            └────────────┘ ░  ║  ║  ║  ║  ║  ║  ║  ║  ║  ║  ║  ║ ┌─┐ ║  ║ └╥┘
«q_12 -> 19 ────────────────░──╫──╫──╫──╫──╫──╫──╫──╫──╫──╫──╫──╫─┤M├─╫──╫──╫─
«                           ░  ║  ║  ║  ║  ║  ║  ║  ║  ║  ║  ║  ║ └╥┘ ║  ║  ║ 
«  meas: 16/═══════════════════╩══╩══╩══╩══╩══╩══╩══╩══╩══╩══╩══╩══╩══╩══╩══╩═
«                              0  1  2  3  4  5  6  7  8  9  10 11 12 13 14 15
