OpenBLAS WARNING - could not determine the L2 cache size on this system, assuming 256k
OpenBLAS WARNING - could not determine the L2 cache size on this system, assuming 256k
OpenBLAS WARNING - could not determine the L2 cache size on this system, assuming 256k
      ┌───┐                                                                                        
 q_0: ┤ X ├────────────────────────────────────────────────────────────────────────────────────────
      ├───┤                                            ┌────────────────────┐                      
 q_1: ┤ X ├────────────────────────────────────────────┤0                   ├──────────────────────
      ├───┤                      ┌────────────────────┐│  (XX+YY)(π/2,-π/2) │                      
 q_2: ┤ X ├──────────────────────┤0                   ├┤1                   ├──────────────────────
      ├───┤┌────────────────────┐│  (XX+YY)(π/2,-π/2) │├────────────────────┤                      
 q_3: ┤ X ├┤0                   ├┤1                   ├┤0                   ├──────────────────────
      └───┘│  (XX+YY)(π/2,-π/2) │├────────────────────┤│  (XX+YY)(π/2,-π/2) │                      
 q_4: ─────┤1                   ├┤0                   ├┤1                   ├──────────────────────
           └────────────────────┘│  (XX+YY)(π/2,-π/2) │├────────────────────┤                      
 q_5: ───────────────────────────┤1                   ├┤0                   ├──────────────────────
                                 └────────────────────┘│  (XX+YY)(π/2,-π/2) │┌────────────────────┐
 q_6: ─────────────────────────────────────────────────┤1                   ├┤0                   ├
                                                       └────────────────────┘│  (XX+YY)(π/2,-π/2) │
 q_7: ───────────────────────────────────────────────────────────────────────┤1                   ├
      ┌───┐                                                                  └────────────────────┘
 q_8: ┤ X ├────────────────────────────────────────────────────────────────────────────────────────
      ├───┤                                            ┌────────────────────┐                      
 q_9: ┤ X ├────────────────────────────────────────────┤0                   ├──────────────────────
      ├───┤                      ┌────────────────────┐│  (XX+YY)(π/2,-π/2) │                      
q_10: ┤ X ├──────────────────────┤0                   ├┤1                   ├──────────────────────
      ├───┤┌────────────────────┐│  (XX+YY)(π/2,-π/2) │├────────────────────┤                      
q_11: ┤ X ├┤0                   ├┤1                   ├┤0                   ├──────────────────────
      └───┘│  (XX+YY)(π/2,-π/2) │├────────────────────┤│  (XX+YY)(π/2,-π/2) │                      
q_12: ─────┤1                   ├┤0                   ├┤1                   ├──────────────────────
           └────────────────────┘│  (XX+YY)(π/2,-π/2) │├────────────────────┤                      
q_13: ───────────────────────────┤1                   ├┤0                   ├──────────────────────
                                 └────────────────────┘│  (XX+YY)(π/2,-π/2) │┌────────────────────┐
q_14: ─────────────────────────────────────────────────┤1                   ├┤0                   ├
                                                       └────────────────────┘│  (XX+YY)(π/2,-π/2) │
q_15: ───────────────────────────────────────────────────────────────────────┤1                   ├
                                                                             └────────────────────┘
         ┌───┐                                                                                         ░ ┌─┐                                             
    q_0: ┤ X ├─────────────────────────────────────────────────────────────────────────────────────────░─┤M├─────────────────────────────────────────────
         ├───┤                                            ┌────────────────────┐                       ░ └╥┘┌─┐                                          
    q_1: ┤ X ├────────────────────────────────────────────┤0                   ├───────────────────────░──╫─┤M├──────────────────────────────────────────
         ├───┤                      ┌────────────────────┐│  (XX+YY)(π/2,-π/2) │                       ░  ║ └╥┘┌─┐                                       
    q_2: ┤ X ├──────────────────────┤0                   ├┤1                   ├───────────────────────░──╫──╫─┤M├───────────────────────────────────────
         ├───┤┌────────────────────┐│  (XX+YY)(π/2,-π/2) │├────────────────────┤                       ░  ║  ║ └╥┘┌─┐                                    
    q_3: ┤ X ├┤0                   ├┤1                   ├┤0                   ├───────────────────────░──╫──╫──╫─┤M├────────────────────────────────────
         └───┘│  (XX+YY)(π/2,-π/2) │├────────────────────┤│  (XX+YY)(π/2,-π/2) │                       ░  ║  ║  ║ └╥┘┌─┐                                 
    q_4: ─────┤1                   ├┤0                   ├┤1                   ├───────────────────────░──╫──╫──╫──╫─┤M├─────────────────────────────────
              └────────────────────┘│  (XX+YY)(π/2,-π/2) │├────────────────────┤                       ░  ║  ║  ║  ║ └╥┘┌─┐                              
    q_5: ───────────────────────────┤1                   ├┤0                   ├───────────────────────░──╫──╫──╫──╫──╫─┤M├──────────────────────────────
                                    └────────────────────┘│  (XX+YY)(π/2,-π/2) │┌────────────────────┐ ░  ║  ║  ║  ║  ║ └╥┘┌─┐                           
    q_6: ─────────────────────────────────────────────────┤1                   ├┤0                   ├─░──╫──╫──╫──╫──╫──╫─┤M├───────────────────────────
                                                          └────────────────────┘│  (XX+YY)(π/2,-π/2) │ ░  ║  ║  ║  ║  ║  ║ └╥┘┌─┐                        
    q_7: ───────────────────────────────────────────────────────────────────────┤1                   ├─░──╫──╫──╫──╫──╫──╫──╫─┤M├────────────────────────
         ┌───┐                                                                  └────────────────────┘ ░  ║  ║  ║  ║  ║  ║  ║ └╥┘┌─┐                     
    q_8: ┤ X ├─────────────────────────────────────────────────────────────────────────────────────────░──╫──╫──╫──╫──╫──╫──╫──╫─┤M├─────────────────────
         ├───┤                                            ┌────────────────────┐                       ░  ║  ║  ║  ║  ║  ║  ║  ║ └╥┘┌─┐                  
    q_9: ┤ X ├────────────────────────────────────────────┤0                   ├───────────────────────░──╫──╫──╫──╫──╫──╫──╫──╫──╫─┤M├──────────────────
         ├───┤                      ┌────────────────────┐│  (XX+YY)(π/2,-π/2) │                       ░  ║  ║  ║  ║  ║  ║  ║  ║  ║ └╥┘┌─┐               
   q_10: ┤ X ├──────────────────────┤0                   ├┤1                   ├───────────────────────░──╫──╫──╫──╫──╫──╫──╫──╫──╫──╫─┤M├───────────────
         ├───┤┌────────────────────┐│  (XX+YY)(π/2,-π/2) │├────────────────────┤                       ░  ║  ║  ║  ║  ║  ║  ║  ║  ║  ║ └╥┘┌─┐            
   q_11: ┤ X ├┤0                   ├┤1                   ├┤0                   ├───────────────────────░──╫──╫──╫──╫──╫──╫──╫──╫──╫──╫──╫─┤M├────────────
         └───┘│  (XX+YY)(π/2,-π/2) │├────────────────────┤│  (XX+YY)(π/2,-π/2) │                       ░  ║  ║  ║  ║  ║  ║  ║  ║  ║  ║  ║ └╥┘┌─┐         
   q_12: ─────┤1                   ├┤0                   ├┤1                   ├───────────────────────░──╫──╫──╫──╫──╫──╫──╫──╫──╫──╫──╫──╫─┤M├─────────
              └────────────────────┘│  (XX+YY)(π/2,-π/2) │├────────────────────┤                       ░  ║  ║  ║  ║  ║  ║  ║  ║  ║  ║  ║  ║ └╥┘┌─┐      
   q_13: ───────────────────────────┤1                   ├┤0                   ├───────────────────────░──╫──╫──╫──╫──╫──╫──╫──╫──╫──╫──╫──╫──╫─┤M├──────
                                    └────────────────────┘│  (XX+YY)(π/2,-π/2) │┌────────────────────┐ ░  ║  ║  ║  ║  ║  ║  ║  ║  ║  ║  ║  ║  ║ └╥┘┌─┐   
   q_14: ─────────────────────────────────────────────────┤1                   ├┤0                   ├─░──╫──╫──╫──╫──╫──╫──╫──╫──╫──╫──╫──╫──╫──╫─┤M├───
                                                          └────────────────────┘│  (XX+YY)(π/2,-π/2) │ ░  ║  ║  ║  ║  ║  ║  ║  ║  ║  ║  ║  ║  ║  ║ └╥┘┌─┐
   q_15: ───────────────────────────────────────────────────────────────────────┤1                   ├─░──╫──╫──╫──╫──╫──╫──╫──╫──╫──╫──╫──╫──╫──╫──╫─┤M├
                                                                                └────────────────────┘ ░  ║  ║  ║  ║  ║  ║  ║  ║  ║  ║  ║  ║  ║  ║  ║ └╥┘
meas: 16/═════════════════════════════════════════════════════════════════════════════════════════════════╩══╩══╩══╩══╩══╩══╩══╩══╩══╩══╩══╩══╩══╩══╩══╩═
                                                                                                          0  1  2  3  4  5  6  7  8  9  10 11 12 13 14 15
