c2:rank1.python: Failed to get eth0 (unit 0) cpu set
c2:rank1.python: Failed to get eth0 (unit 0) cpu set
c2:rank1.python: Failed to get eth0 (unit 0) cpu set
c2:rank1: PSM3 can't open nic unit: 0 (err=23)
c2:rank1: PSM3 can't open nic unit: 0 (err=23)
c2:rank1: PSM3 can't open nic unit: 0 (err=23)
c1:rank0.python: Failed to get eth0 (unit 0) cpu set
c1:rank0: PSM3 can't open nic unit: 0 (err=23)
c1:rank0.python: Failed to get eth0 (unit 0) cpu set
c1:rank0: PSM3 can't open nic unit: 0 (err=23)
c1:rank0: PSM3 can't open nic unit: 0 (err=23)
c1:rank0.python: Failed to get eth0 (unit 0) cpu set
c2:rank1.python: Failed to get eth0 (unit 0) cpu set
c2:rank1: PSM3 can't open nic unit: 0 (err=23)
--------------------------------------------------------------------------
Open MPI failed an OFI Libfabric library call (fi_endpoint).  This is highly
unusual; your job may behave unpredictably (and/or abort) after this.

  Local host: c2
  Location: mtl_ofi_component.c:513
  Error: Invalid argument (22)
--------------------------------------------------------------------------
c1:rank0: PSM3 can't open nic unit: 0 (err=23)
c1:rank0.python: Failed to get eth0 (unit 0) cpu set
[Rank 1] Hello from process 1 of 2!
[Rank 0] Hello from process 0 of 2!
[Rank 0] Sending: {'answer': 42, 'pi': 3.14}
[Rank 1] Received: {'answer': 42, 'pi': 3.14}
[c1:01595] 1 more process has sent help message help-mtl-ofi.txt / OFI call fail
[c1:01595] Set MCA parameter "orte_base_help_aggregate" to 0 to see all help / error messages
